// Jest Snapshot v1, https://goo.gl/fbAQLP

exports[`Grazing Schedules renders and matches the snapshot 1`] = `
<div
  class="rup__grazing-schedules"
>
  <div
    class="rup__content-title--editable"
  >
    <div
      class="rup__popup-header"
    >
      <div
        class="rup__content-title"
      >
        Yearly Schedules
      </div>
      <i
        aria-hidden="true"
        class="grey question small circular icon"
      />
    </div>
    <div
      aria-disabled="false"
      aria-expanded="false"
      class="ui basic button compact labeled item pointing dropdown icon rup__grazing-schedules__add-dropdown"
      role="listbox"
      tabindex="0"
    >
      <div
        aria-atomic="true"
        aria-live="polite"
        class="text"
        role="alert"
      >
        Add Schedule
      </div>
      <i
        aria-hidden="true"
        class="add circle icon"
      />
      <div
        class="menu transition"
      >
        <div
          class="header"
        >
          Years
        </div>
        <div
          aria-checked="false"
          aria-selected="true"
          class="selected item"
          role="option"
          style="pointer-events: all;"
        >
          <span
            class="text"
          >
            2021
          </span>
        </div>
        <div
          aria-checked="false"
          aria-selected="false"
          class="item"
          role="option"
          style="pointer-events: all;"
        >
          <span
            class="text"
          >
            2023
          </span>
        </div>
        <div
          aria-checked="false"
          aria-selected="false"
          class="item"
          role="option"
          style="pointer-events: all;"
        >
          <span
            class="text"
          >
            2024
          </span>
        </div>
        <div
          aria-checked="false"
          aria-selected="false"
          class="item"
          role="option"
          style="pointer-events: all;"
        >
          <span
            class="text"
          >
            2026
          </span>
        </div>
      </div>
    </div>
  </div>
  <div
    class="rup__divider"
  />
  <ul
    class="collaspible-boxes"
  >
    <li
      class="collaspible-box"
    >
      <div
        class="collaspible-box__header"
      >
        <div
          class="collaspible-box__header__title collaspible-box__header__title--active"
        >
          <div
            class="rup__grazing-schedule__title"
          >
            <div
              style="width: 30px;"
            >
              <img
                alt="schedule icon"
                src="/images/icon_schedules.svg"
              />
            </div>
            2022
             Grazing Schedule
          </div>
          <div
            class="collaspible-box__header__right"
          >
            <div
              aria-busy="false"
              aria-disabled="false"
              aria-expanded="false"
              class="ui right pointing dropdown"
              role="listbox"
              tabindex="0"
            >
              <i
                aria-hidden="true"
                class="ellipsis vertical icon"
              />
              <div
                class="menu transition"
              >
                <div
                  aria-disabled="false"
                  aria-expanded="false"
                  class="ui left pointing dropdown link item"
                  data-testid="copy-button-2022"
                  role="listbox"
                  tabindex="0"
                >
                  <div
                    aria-atomic="true"
                    aria-live="polite"
                    class="text"
                    role="alert"
                  >
                    Copy
                  </div>
                  <i
                    aria-hidden="true"
                    class="dropdown icon"
                  />
                  <div
                    class="menu transition"
                  >
                    <div
                      class="header"
                    >
                      Years
                    </div>
                    <div
                      aria-checked="false"
                      aria-selected="true"
                      class="selected item"
                      role="option"
                      style="pointer-events: all;"
                    >
                      <span
                        class="text"
                      >
                        2021
                      </span>
                    </div>
                    <div
                      aria-checked="false"
                      aria-selected="false"
                      class="item"
                      role="option"
                      style="pointer-events: all;"
                    >
                      <span
                        class="text"
                      >
                        2023
                      </span>
                    </div>
                    <div
                      aria-checked="false"
                      aria-selected="false"
                      class="item"
                      role="option"
                      style="pointer-events: all;"
                    >
                      <span
                        class="text"
                      >
                        2024
                      </span>
                    </div>
                    <div
                      aria-checked="false"
                      aria-selected="false"
                      class="item"
                      role="option"
                      style="pointer-events: all;"
                    >
                      <span
                        class="text"
                      >
                        2026
                      </span>
                    </div>
                  </div>
                </div>
                <div
                  class="item"
                  data-testid="delete-button-2022"
                  role="option"
                >
                  Delete
                </div>
              </div>
            </div>
            <i
              aria-hidden="true"
              class="chevron up icon"
              style="margin-left: 7px; margin-bottom: 3px;"
            />
          </div>
        </div>
      </div>
      <div
        class="collaspible-box__content"
      >
        <div
          style="overflow-x: scroll;"
        >
          <table
            class="ui sortable unstackable ten column table"
          >
            <thead
              class=""
            >
              <tr
                class=""
              >
                <th
                  class=""
                >
                  <div
                    class="rup__grazing-schedule__pasture"
                  >
                    Pasture
                  </div>
                </th>
                <th
                  class=""
                >
                  <div
                    class="rup__grazing-schedule__l-type"
                  >
                    Livestock Type
                  </div>
                </th>
                <th
                  class=""
                >
                  # of Animals
                </th>
                <th
                  class=""
                >
                  <div
                    class="rup__grazing-schedule__dates"
                  >
                    Date in
                  </div>
                </th>
                <th
                  class=""
                >
                  <div
                    class="rup__grazing-schedule__dates"
                  >
                    Date out
                  </div>
                </th>
                <th
                  class="no-sort-tableheader"
                >
                  Days
                </th>
                <th
                  class=""
                >
                  <div
                    class="rup__grazing-schedule__grace-days"
                  >
                    Grace Days
                  </div>
                </th>
                <th
                  class="no-sort-tableheader"
                >
                  PLD
                </th>
                <th
                  class="no-sort-tableheader"
                >
                  Crown AUMs
                </th>
                <th
                  class=""
                />
              </tr>
            </thead>
            <tbody
              class=""
            >
              <tr
                class="rup__grazing-schedule__row"
              >
                <td
                  class=""
                >
                  <div
                    class=" css-1xbv0sk-container"
                  >
                    <div
                      class=" css-yk16xz-control"
                    >
                      <div
                        class=" css-1hwfws3"
                      >
                        <div
                          class=" css-1uccc91-singleValue"
                        />
                        <div
                          class="css-b8ldur-Input"
                        >
                          <div
                            class=""
                            style="display: inline-block;"
                          >
                            <input
                              aria-autocomplete="list"
                              aria-label="pasture"
                              autocapitalize="none"
                              autocomplete="off"
                              autocorrect="off"
                              id="react-select-10-input"
                              spellcheck="false"
                              style="box-sizing: content-box; width: 2px; border: 0px; opacity: 1; outline: 0; padding: 0px;"
                              tabindex="0"
                              type="text"
                              value=""
                            />
                            <div
                              style="position: absolute; top: 0px; left: 0px; visibility: hidden; height: 0px; overflow: scroll; white-space: pre; font-family: -webkit-small-control; letter-spacing: normal; text-transform: none;"
                            />
                          </div>
                        </div>
                      </div>
                      <div
                        class=" css-1hb7zxy-IndicatorsContainer"
                      >
                        <span
                          class=" css-1okebmr-indicatorSeparator"
                        />
                        <div
                          aria-hidden="true"
                          class=" css-tlfecz-indicatorContainer"
                        >
                          <svg
                            aria-hidden="true"
                            class="css-6q0nyr-Svg"
                            focusable="false"
                            height="20"
                            viewBox="0 0 20 20"
                            width="20"
                          >
                            <path
                              d="M4.516 7.548c0.436-0.446 1.043-0.481 1.576 0l3.908 3.747 3.908-3.747c0.533-0.481 1.141-0.446 1.574 0 0.436 0.445 0.408 1.197 0 1.615-0.406 0.418-4.695 4.502-4.695 4.502-0.217 0.223-0.502 0.335-0.787 0.335s-0.57-0.112-0.789-0.335c0 0-4.287-4.084-4.695-4.502s-0.436-1.17 0-1.615z"
                            />
                          </svg>
                        </div>
                      </div>
                    </div>
                    <input
                      name="grazingSchedules.0.grazingScheduleEntries.0.pastureId"
                      type="hidden"
                      value="1"
                    />
                  </div>
                </td>
                <td
                  class=""
                >
                  <div
                    class=" css-1xbv0sk-container"
                  >
                    <div
                      class=" css-yk16xz-control"
                    >
                      <div
                        class=" css-1hwfws3"
                      >
                        <div
                          class=" css-1wa3eu0-placeholder"
                        >
                          Select...
                        </div>
                        <div
                          class="css-b8ldur-Input"
                        >
                          <div
                            class=""
                            style="display: inline-block;"
                          >
                            <input
                              aria-autocomplete="list"
                              aria-label="livestock type"
                              autocapitalize="none"
                              autocomplete="off"
                              autocorrect="off"
                              id="react-select-11-input"
                              spellcheck="false"
                              style="box-sizing: content-box; width: 2px; border: 0px; opacity: 1; outline: 0; padding: 0px;"
                              tabindex="0"
                              type="text"
                              value=""
                            />
                            <div
                              style="position: absolute; top: 0px; left: 0px; visibility: hidden; height: 0px; overflow: scroll; white-space: pre; font-family: -webkit-small-control; letter-spacing: normal; text-transform: none;"
                            />
                          </div>
                        </div>
                      </div>
                      <div
                        class=" css-1hb7zxy-IndicatorsContainer"
                      >
                        <span
                          class=" css-1okebmr-indicatorSeparator"
                        />
                        <div
                          aria-hidden="true"
                          class=" css-tlfecz-indicatorContainer"
                        >
                          <svg
                            aria-hidden="true"
                            class="css-6q0nyr-Svg"
                            focusable="false"
                            height="20"
                            viewBox="0 0 20 20"
                            width="20"
                          >
                            <path
                              d="M4.516 7.548c0.436-0.446 1.043-0.481 1.576 0l3.908 3.747 3.908-3.747c0.533-0.481 1.141-0.446 1.574 0 0.436 0.445 0.408 1.197 0 1.615-0.406 0.418-4.695 4.502-4.695 4.502-0.217 0.223-0.502 0.335-0.787 0.335s-0.57-0.112-0.789-0.335c0 0-4.287-4.084-4.695-4.502s-0.436-1.17 0-1.615z"
                            />
                          </svg>
                        </div>
                      </div>
                    </div>
                    <input
                      name="grazingSchedules.0.grazingScheduleEntries.0.livestockTypeId"
                      type="hidden"
                      value=""
                    />
                  </div>
                </td>
                <td
                  class="collapsing"
                >
                  <div
                    class="field"
                  >
                    <div
                      class="ui input"
                    >
                      <input
                        aria-label="livestock count"
                        id="field_input_grazingSchedules.0.grazingScheduleEntries.0.livestockCount"
                        name="grazingSchedules.0.grazingScheduleEntries.0.livestockCount"
                        type="text"
                        value="10"
                      />
                    </div>
                  </div>
                </td>
                <td
                  class="collapsing"
                >
                  <div
                    class="field calendar-input--no-icon"
                  >
                    <label
                      for="grazingSchedules.0.grazingScheduleEntries.0.dateIn-datepicker"
                    />
                    <div
                      class="ui icon input"
                    >
                      <i
                        aria-hidden="true"
                        class="icon"
                      />
                      <input
                        aria-label="date in"
                        id="grazingSchedules.0.grazingScheduleEntries.0.dateIn-datepicker"
                        name="grazingSchedules.0.grazingScheduleEntries.0.dateIn"
                        tabindex="0"
                        type="text"
                        value="Jan 26 2022"
                      />
                    </div>
                  </div>
                </td>
                <td
                  class="collapsing"
                >
                  <div
                    class="field calendar-input--no-icon"
                  >
                    <label
                      for="grazingSchedules.0.grazingScheduleEntries.0.dateOut-datepicker"
                    />
                    <div
                      class="ui icon input"
                    >
                      <i
                        aria-hidden="true"
                        class="icon"
                      />
                      <input
                        aria-label="date out"
                        id="grazingSchedules.0.grazingScheduleEntries.0.dateOut-datepicker"
                        name="grazingSchedules.0.grazingScheduleEntries.0.dateOut"
                        tabindex="0"
                        type="text"
                        value="Mar 9 2022"
                      />
                    </div>
                  </div>
                </td>
                <td
                  class="collapsing"
                >
                  43
                </td>
                <td
                  class="collapsing"
                >
                  <div
                    class="field"
                  >
                    <input
                      aria-label="grace days"
                      type="hidden"
                      value="4"
                    />
                    <div>
                      <p>
                        4
                      </p>
                    </div>
                  </div>
                </td>
                <td
                  class="collapsing"
                >
                  0
                </td>
                <td
                  class="collapsing"
                >
                  0
                </td>
                <td
                  class="collapsing center aligned"
                >
                  <div
                    data-testid="schedule-row-menu"
                  >
                    <i
                      aria-hidden="true"
                      class="ellipsis vertical icon"
                    />
                  </div>
                </td>
              </tr>
            </tbody>
          </table>
        </div>
        <div
          class="inverted-btn"
        >
          <button
            class="ui compact button"
            style="margin: 10px 0px;"
            type="button"
          >
            <i
              aria-hidden="true"
              class="add circle icon"
            />
            Add Row
          </button>
        </div>
        <div
          class="rup__grazing-schedule__AUMs"
        >
          <div
            class="rup__grazing-schedule__AUM-label"
          >
            Annual Authorized AUMs
          </div>
          <div
            class="rup__grazing-schedule__AUM-number"
          >
            0
          </div>
          <div
            class="rup__grazing-schedule__AUM-label"
          >
            Total AUMs
          </div>
          <div
            class="rup__grazing-schedule__AUM-number"
          >
            0
          </div>
        </div>
        <div
          class="rup__grazing-schedule__narrative__title"
        >
          Schedule Description
        </div>
        <div>
          Schedule description is optional but if included is legal content
        </div>
        <div>
          <div
            class="field"
          >
            <textarea
              id="field_textarea_grazingSchedules.0.narative"
              name="grazingSchedules.0.narative"
              placeholder="Description of movement of livestock through agreement area. May include WHEN, WHERE and HOW management tools are used to create that flow. May be of particular value when an agreement consists of a single pasture or multiple unfenced pastures."
              rows="3"
              style="margin-top: 5px;"
            />
          </div>
        </div>
      </div>
    </li>
    <li
      class="collaspible-box"
    >
      <div
        class="collaspible-box__header"
      >
        <div
          class="collaspible-box__header__title"
        >
          <div
            class="rup__grazing-schedule__title"
          >
            <div
              style="width: 30px;"
            >
              <img
                alt="schedule icon"
                src="/images/icon_schedules.svg"
              />
            </div>
            2025
             Grazing Schedule
          </div>
          <div
            class="collaspible-box__header__right"
          >
            <i
              aria-hidden="true"
              class="chevron down icon"
              style="margin-left: 7px; margin-bottom: 3px;"
            />
          </div>
        </div>
      </div>
      <div
        class="collaspible-box__content collaspible-box__content--hidden"
      >
        <div
          class="ui error visible attached message"
        >
          <div
            class="content"
          >
            <i
              aria-hidden="true"
              class="warning sign icon"
              style="margin-right: 7px;"
            />
            Schedule must have at least 1 entry.
          </div>
        </div>
        <div
          style="overflow-x: scroll;"
        >
          <table
            class="ui sortable unstackable bottom attached ten column table"
          >
            <thead
              class=""
            >
              <tr
                class=""
              >
                <th
                  class=""
                >
                  <div
                    class="rup__grazing-schedule__pasture"
                  >
                    Pasture
                  </div>
                </th>
                <th
                  class=""
                >
                  <div
                    class="rup__grazing-schedule__l-type"
                  >
                    Livestock Type
                  </div>
                </th>
                <th
                  class=""
                >
                  # of Animals
                </th>
                <th
                  class=""
                >
                  <div
                    class="rup__grazing-schedule__dates"
                  >
                    Date in
                  </div>
                </th>
                <th
                  class=""
                >
                  <div
                    class="rup__grazing-schedule__dates"
                  >
                    Date out
                  </div>
                </th>
                <th
                  class="no-sort-tableheader"
                >
                  Days
                </th>
                <th
                  class=""
                >
                  <div
                    class="rup__grazing-schedule__grace-days"
                  >
                    Grace Days
                  </div>
                </th>
                <th
                  class="no-sort-tableheader"
                >
                  PLD
                </th>
                <th
                  class="no-sort-tableheader"
                >
                  Crown AUMs
                </th>
                <th
                  class=""
                />
              </tr>
            </thead>
            <tbody
              class=""
            />
          </table>
        </div>
        <div
          class="inverted-btn"
        >
          <button
            class="ui compact button"
            style="margin: 10px 0px;"
            type="button"
          >
            <i
              aria-hidden="true"
              class="add circle icon"
            />
            Add Row
          </button>
        </div>
        <div
          class="rup__grazing-schedule__AUMs"
        >
          <div
            class="rup__grazing-schedule__AUM-label"
          >
            Annual Authorized AUMs
          </div>
          <div
            class="rup__grazing-schedule__AUM-number"
          >
            0
          </div>
          <div
            class="rup__grazing-schedule__AUM-label"
          >
            Total AUMs
          </div>
          <div
            class="rup__grazing-schedule__AUM-number"
          >
            0
          </div>
        </div>
        <div
          class="rup__grazing-schedule__narrative__title"
        >
          Schedule Description
        </div>
        <div>
          Schedule description is optional but if included is legal content
        </div>
        <div>
          <div
            class="field"
          >
            <textarea
              id="field_textarea_grazingSchedules.1.narative"
              name="grazingSchedules.1.narative"
              placeholder="Description of movement of livestock through agreement area. May include WHEN, WHERE and HOW management tools are used to create that flow. May be of particular value when an agreement consists of a single pasture or multiple unfenced pastures."
              rows="3"
              style="margin-top: 5px;"
            />
          </div>
        </div>
      </div>
    </li>
  </ul>
</div>
`;
