// Jest Snapshot v1, https://goo.gl/fbAQLP

exports[`TenureAgreement renders correctly 1`] = `
ShallowWrapper {
  "length": 1,
  Symbol(enzyme.__root__): [Circular],
  Symbol(enzyme.__unrendered__): <TenureAgreement
    rangeUsePlans={Array []}
    searchTenureAgreements={[Function]}
    tenureAgreements={
        Array [
            Object {
              "number": 1,
              "tenureHolder": Object {
                "name": "tenure holder #1",
              },
            },
            Object {
              "number": 2,
              "tenureHolder": Object {
                "name": "tenure holder #2",
              },
            },
            Object {
              "number": 3,
              "tenureHolder": Object {
                "name": "tenure holder #3",
              },
            },
            Object {
              "number": 4,
              "tenureHolder": Object {
                "name": "tenure holder #4",
              },
            },
            Object {
              "number": 5,
              "tenureHolder": Object {
                "name": "tenure holder #5",
              },
            },
            Object {
              "number": 6,
              "tenureHolder": Object {
                "name": "tenure holder #6",
              },
            },
          ]
    }
/>,
  Symbol(enzyme.__renderer__): Object {
    "batchedUpdates": [Function],
    "getNode": [Function],
    "render": [Function],
    "simulateEvent": [Function],
    "unmount": [Function],
  },
  Symbol(enzyme.__node__): Object {
    "instance": null,
    "key": undefined,
    "nodeType": "host",
    "props": Object {
      "children": Array [
        <div
          className="tenure-agreement__header"
>
          Tenure Agreements
</div>,
        <div
          className="tenure-agreement__search"
>
          <TenureAgreementSearch
                    handleSearchInput={[Function]}
                    label="Search Agreements:"
                    placeholder="Enter Search Terms..."
          />
</div>,
        <TenureAgreementList
          tenureAgreements={
                    Array [
                              Object {
                                "number": 1,
                                "tenureHolder": Object {
                                  "name": "tenure holder #1",
                                },
                              },
                              Object {
                                "number": 2,
                                "tenureHolder": Object {
                                  "name": "tenure holder #2",
                                },
                              },
                              Object {
                                "number": 3,
                                "tenureHolder": Object {
                                  "name": "tenure holder #3",
                                },
                              },
                              Object {
                                "number": 4,
                                "tenureHolder": Object {
                                  "name": "tenure holder #4",
                                },
                              },
                              Object {
                                "number": 5,
                                "tenureHolder": Object {
                                  "name": "tenure holder #5",
                                },
                              },
                              Object {
                                "number": 6,
                                "tenureHolder": Object {
                                  "name": "tenure holder #6",
                                },
                              },
                            ]
          }
/>,
      ],
      "className": "tenure-agreement",
    },
    "ref": null,
    "rendered": Array [
      Object {
        "instance": null,
        "key": undefined,
        "nodeType": "host",
        "props": Object {
          "children": "Tenure Agreements",
          "className": "tenure-agreement__header",
        },
        "ref": null,
        "rendered": "Tenure Agreements",
        "type": "div",
      },
      Object {
        "instance": null,
        "key": undefined,
        "nodeType": "host",
        "props": Object {
          "children": <TenureAgreementSearch
            handleSearchInput={[Function]}
            label="Search Agreements:"
            placeholder="Enter Search Terms..."
/>,
          "className": "tenure-agreement__search",
        },
        "ref": null,
        "rendered": Object {
          "instance": null,
          "key": undefined,
          "nodeType": "class",
          "props": Object {
            "handleSearchInput": [Function],
            "label": "Search Agreements:",
            "placeholder": "Enter Search Terms...",
          },
          "ref": null,
          "rendered": null,
          "type": [Function],
        },
        "type": "div",
      },
      Object {
        "instance": null,
        "key": undefined,
        "nodeType": "class",
        "props": Object {
          "tenureAgreements": Array [
            Object {
              "number": 1,
              "tenureHolder": Object {
                "name": "tenure holder #1",
              },
            },
            Object {
              "number": 2,
              "tenureHolder": Object {
                "name": "tenure holder #2",
              },
            },
            Object {
              "number": 3,
              "tenureHolder": Object {
                "name": "tenure holder #3",
              },
            },
            Object {
              "number": 4,
              "tenureHolder": Object {
                "name": "tenure holder #4",
              },
            },
            Object {
              "number": 5,
              "tenureHolder": Object {
                "name": "tenure holder #5",
              },
            },
            Object {
              "number": 6,
              "tenureHolder": Object {
                "name": "tenure holder #6",
              },
            },
          ],
        },
        "ref": null,
        "rendered": null,
        "type": [Function],
      },
    ],
    "type": "div",
  },
  Symbol(enzyme.__nodes__): Array [
    Object {
      "instance": null,
      "key": undefined,
      "nodeType": "host",
      "props": Object {
        "children": Array [
          <div
            className="tenure-agreement__header"
>
            Tenure Agreements
</div>,
          <div
            className="tenure-agreement__search"
>
            <TenureAgreementSearch
                        handleSearchInput={[Function]}
                        label="Search Agreements:"
                        placeholder="Enter Search Terms..."
            />
</div>,
          <TenureAgreementList
            tenureAgreements={
                        Array [
                                    Object {
                                      "number": 1,
                                      "tenureHolder": Object {
                                        "name": "tenure holder #1",
                                      },
                                    },
                                    Object {
                                      "number": 2,
                                      "tenureHolder": Object {
                                        "name": "tenure holder #2",
                                      },
                                    },
                                    Object {
                                      "number": 3,
                                      "tenureHolder": Object {
                                        "name": "tenure holder #3",
                                      },
                                    },
                                    Object {
                                      "number": 4,
                                      "tenureHolder": Object {
                                        "name": "tenure holder #4",
                                      },
                                    },
                                    Object {
                                      "number": 5,
                                      "tenureHolder": Object {
                                        "name": "tenure holder #5",
                                      },
                                    },
                                    Object {
                                      "number": 6,
                                      "tenureHolder": Object {
                                        "name": "tenure holder #6",
                                      },
                                    },
                                  ]
            }
/>,
        ],
        "className": "tenure-agreement",
      },
      "ref": null,
      "rendered": Array [
        Object {
          "instance": null,
          "key": undefined,
          "nodeType": "host",
          "props": Object {
            "children": "Tenure Agreements",
            "className": "tenure-agreement__header",
          },
          "ref": null,
          "rendered": "Tenure Agreements",
          "type": "div",
        },
        Object {
          "instance": null,
          "key": undefined,
          "nodeType": "host",
          "props": Object {
            "children": <TenureAgreementSearch
              handleSearchInput={[Function]}
              label="Search Agreements:"
              placeholder="Enter Search Terms..."
/>,
            "className": "tenure-agreement__search",
          },
          "ref": null,
          "rendered": Object {
            "instance": null,
            "key": undefined,
            "nodeType": "class",
            "props": Object {
              "handleSearchInput": [Function],
              "label": "Search Agreements:",
              "placeholder": "Enter Search Terms...",
            },
            "ref": null,
            "rendered": null,
            "type": [Function],
          },
          "type": "div",
        },
        Object {
          "instance": null,
          "key": undefined,
          "nodeType": "class",
          "props": Object {
            "tenureAgreements": Array [
              Object {
                "number": 1,
                "tenureHolder": Object {
                  "name": "tenure holder #1",
                },
              },
              Object {
                "number": 2,
                "tenureHolder": Object {
                  "name": "tenure holder #2",
                },
              },
              Object {
                "number": 3,
                "tenureHolder": Object {
                  "name": "tenure holder #3",
                },
              },
              Object {
                "number": 4,
                "tenureHolder": Object {
                  "name": "tenure holder #4",
                },
              },
              Object {
                "number": 5,
                "tenureHolder": Object {
                  "name": "tenure holder #5",
                },
              },
              Object {
                "number": 6,
                "tenureHolder": Object {
                  "name": "tenure holder #6",
                },
              },
            ],
          },
          "ref": null,
          "rendered": null,
          "type": [Function],
        },
      ],
      "type": "div",
    },
  ],
  Symbol(enzyme.__options__): Object {
    "adapter": ReactSixteenAdapter {
      "options": Object {
        "enableComponentDidUpdateOnSetState": true,
      },
    },
  },
}
`;
