// Jest Snapshot v1, https://goo.gl/fbAQLP

exports[`LandingPage renders correctly 1`] = `
ShallowWrapper {
  "length": 1,
  Symbol(enzyme.__root__): [Circular],
  Symbol(enzyme.__unrendered__): <PageNotFound
    history={
        Object {
            "push": [Function],
          }
    }
/>,
  Symbol(enzyme.__renderer__): Object {
    "batchedUpdates": [Function],
    "getNode": [Function],
    "render": [Function],
    "simulateEvent": [Function],
    "unmount": [Function],
  },
  Symbol(enzyme.__node__): Object {
    "instance": null,
    "key": undefined,
    "nodeType": "host",
    "props": Object {
      "children": <div>
        <div
                className="page-not-found__title"
        >
                Error 404
        </div>
        <div
                className="page-not-found__content"
        >
                Woops. Looks like this page doesn't exist 
        </div>
        <div
                className="page-not-found__link"
        >
                <Link
                        replace={false}
                        to="/home"
                >
                         Go to home 
                </Link>
        </div>
</div>,
      "className": "page-not-found",
    },
    "ref": null,
    "rendered": Object {
      "instance": null,
      "key": undefined,
      "nodeType": "host",
      "props": Object {
        "children": Array [
          <div
            className="page-not-found__title"
>
            Error 404
</div>,
          <div
            className="page-not-found__content"
>
            Woops. Looks like this page doesn't exist 
</div>,
          <div
            className="page-not-found__link"
>
            <Link
                        replace={false}
                        to="/home"
            >
                         Go to home 
            </Link>
</div>,
        ],
      },
      "ref": null,
      "rendered": Array [
        Object {
          "instance": null,
          "key": undefined,
          "nodeType": "host",
          "props": Object {
            "children": "Error 404",
            "className": "page-not-found__title",
          },
          "ref": null,
          "rendered": "Error 404",
          "type": "div",
        },
        Object {
          "instance": null,
          "key": undefined,
          "nodeType": "host",
          "props": Object {
            "children": "Woops. Looks like this page doesn't exist ",
            "className": "page-not-found__content",
          },
          "ref": null,
          "rendered": "Woops. Looks like this page doesn't exist ",
          "type": "div",
        },
        Object {
          "instance": null,
          "key": undefined,
          "nodeType": "host",
          "props": Object {
            "children": <Link
              replace={false}
              to="/home"
>
               Go to home 
</Link>,
            "className": "page-not-found__link",
          },
          "ref": null,
          "rendered": Object {
            "instance": null,
            "key": undefined,
            "nodeType": "class",
            "props": Object {
              "children": " Go to home ",
              "replace": false,
              "to": "/home",
            },
            "ref": null,
            "rendered": " Go to home ",
            "type": [Function],
          },
          "type": "div",
        },
      ],
      "type": "div",
    },
    "type": "div",
  },
  Symbol(enzyme.__nodes__): Array [
    Object {
      "instance": null,
      "key": undefined,
      "nodeType": "host",
      "props": Object {
        "children": <div>
          <div
                    className="page-not-found__title"
          >
                    Error 404
          </div>
          <div
                    className="page-not-found__content"
          >
                    Woops. Looks like this page doesn't exist 
          </div>
          <div
                    className="page-not-found__link"
          >
                    <Link
                              replace={false}
                              to="/home"
                    >
                               Go to home 
                    </Link>
          </div>
</div>,
        "className": "page-not-found",
      },
      "ref": null,
      "rendered": Object {
        "instance": null,
        "key": undefined,
        "nodeType": "host",
        "props": Object {
          "children": Array [
            <div
              className="page-not-found__title"
>
              Error 404
</div>,
            <div
              className="page-not-found__content"
>
              Woops. Looks like this page doesn't exist 
</div>,
            <div
              className="page-not-found__link"
>
              <Link
                            replace={false}
                            to="/home"
              >
                             Go to home 
              </Link>
</div>,
          ],
        },
        "ref": null,
        "rendered": Array [
          Object {
            "instance": null,
            "key": undefined,
            "nodeType": "host",
            "props": Object {
              "children": "Error 404",
              "className": "page-not-found__title",
            },
            "ref": null,
            "rendered": "Error 404",
            "type": "div",
          },
          Object {
            "instance": null,
            "key": undefined,
            "nodeType": "host",
            "props": Object {
              "children": "Woops. Looks like this page doesn't exist ",
              "className": "page-not-found__content",
            },
            "ref": null,
            "rendered": "Woops. Looks like this page doesn't exist ",
            "type": "div",
          },
          Object {
            "instance": null,
            "key": undefined,
            "nodeType": "host",
            "props": Object {
              "children": <Link
                replace={false}
                to="/home"
>
                 Go to home 
</Link>,
              "className": "page-not-found__link",
            },
            "ref": null,
            "rendered": Object {
              "instance": null,
              "key": undefined,
              "nodeType": "class",
              "props": Object {
                "children": " Go to home ",
                "replace": false,
                "to": "/home",
              },
              "ref": null,
              "rendered": " Go to home ",
              "type": [Function],
            },
            "type": "div",
          },
        ],
        "type": "div",
      },
      "type": "div",
    },
  ],
  Symbol(enzyme.__options__): Object {
    "adapter": ReactSixteenAdapter {
      "options": Object {
        "enableComponentDidUpdateOnSetState": true,
      },
    },
  },
}
`;
